// Jest Snapshot v1, https://goo.gl/fbAQLP

exports[`App component matches snapshot 1`] = `
<div>
  <h1>
    Hello, World!
  </h1>
</div>
`;

exports[`renders a snapshot 1`] = `
<DocumentFragment>
  <div>
    <button
      class="MuiButtonBase-root MuiButton-root MuiButton-contained MuiButton-containedPrimary MuiButton-sizeMedium MuiButton-containedSizeMedium MuiButton-colorPrimary MuiButton-root MuiButton-contained MuiButton-containedPrimary MuiButton-sizeMedium MuiButton-containedSizeMedium MuiButton-colorPrimary css-sghohy-MuiButtonBase-root-MuiButton-root"
      tabindex="0"
      type="button"
    >
      New Car
      <span
        class="MuiTouchRipple-root css-8je8zh-MuiTouchRipple-root"
      />
    </button>
  </div>
</DocumentFragment>
`;
